// Jest Snapshot v1, https://goo.gl/fbAQLP

exports[`<BooksTestament /> Should match the old snapshot 1`] = `null`;
